[04/Aug/2026 11:22:43] "GET / HTTP/1.1" 200 235613
[04/Aug/2026 11:24:06] "GET / HTTP/1.1" 200 235613
[04/Aug/2026 11:24:33] "GET /connexion/ HTTP/1.1" 200 54005
[04/Aug/2026 11:24:33] "GET /static/logo/MUKMAP.png HTTP/1.1" 200 1195757
[04/Aug/2026 11:24:34] "GET /static/js/mukmap-i18n.js HTTP/1.1" 200 1793
[04/Aug/2026 11:24:34] "GET /static/js/sw-register.js HTTP/1.1" 200 1364
[04/Aug/2026 11:24:34] "GET /static/js/mukmap-pwa.js HTTP/1.1" 200 5977
[04/Aug/2026 11:24:35] "GET /manifest.webmanifest HTTP/1.1" 200 1804
[04/Aug/2026 11:24:36] "GET /sw.js HTTP/1.1" 200 2460
[04/Aug/2026 11:24:36] "GET /static/pwa/icon-192.png HTTP/1.1" 200 40766
[04/Aug/2026 11:24:36] "GET /static/pwa/icon-32.png HTTP/1.1" 200 2003
[04/Aug/2026 11:24:36] "GET /manifest.webmanifest HTTP/1.1" 200 1804
Not Found: /mukmap-v1.0.2
[04/Aug/2026 11:24:36] "GET /mukmap-v1.0.2 HTTP/1.1" 404 16457
[04/Aug/2026 11:24:36] "GET / HTTP/1.1" 200 235613
[04/Aug/2026 11:24:39] "POST /connexion/ HTTP/1.1" 302 0
[04/Aug/2026 11:24:39] "GET / HTTP/1.1" 200 246964
[04/Aug/2026 11:24:39] "GET /static/js/export-carte.js HTTP/1.1" 200 34797
[04/Aug/2026 11:24:40] "GET /manifest.webmanifest HTTP/1.1" 200 1804
[04/Aug/2026 11:24:42] "GET /api/projets/ HTTP/1.1" 200 183
[04/Aug/2026 11:24:43] "GET /geometrie/donnees/ HTTP/1.1" 200 1455
[04/Aug/2026 11:24:48] "GET /sw.js HTTP/1.1" 200 2460
[04/Aug/2026 11:24:56,521] - Broken pipe from ('127.0.0.1', 51615)
[04/Aug/2026 11:24:56,523] - Broken pipe from ('127.0.0.1', 51613)
[04/Aug/2026 11:24:56,524] - Broken pipe from ('127.0.0.1', 51637)
[04/Aug/2026 11:24:56,532] - Broken pipe from ('127.0.0.1', 51645)
[04/Aug/2026 11:24:56,576] - Broken pipe from ('127.0.0.1', 51648)
[04/Aug/2026 11:25:15] "GET /connexion/ HTTP/1.1" 200 54005
[04/Aug/2026 11:25:15] "GET /static/logo/MUKMAP.png HTTP/1.1" 200 1195757
[04/Aug/2026 11:25:15] "GET /static/js/mukmap-i18n.js HTTP/1.1" 200 1793
[04/Aug/2026 11:25:16] "GET /static/js/sw-register.js HTTP/1.1" 200 1364
[04/Aug/2026 11:25:16] "GET /static/js/mukmap-pwa.js HTTP/1.1" 200 5977
[04/Aug/2026 11:25:18] "GET /manifest.webmanifest HTTP/1.1" 200 1804
[04/Aug/2026 11:25:18] "GET /static/pwa/icon-192.png HTTP/1.1" 200 40766
[04/Aug/2026 11:25:22] "POST /connexion/ HTTP/1.1" 302 0
[04/Aug/2026 11:25:23] "GET / HTTP/1.1" 200 246964
[04/Aug/2026 11:25:24] "GET /static/js/export-carte.js HTTP/1.1" 200 34797
[04/Aug/2026 11:25:24] "GET /manifest.webmanifest HTTP/1.1" 200 1804
[04/Aug/2026 11:25:25] "GET /api/projets/ HTTP/1.1" 200 183
[04/Aug/2026 11:25:25] "GET /sw.js HTTP/1.1" 200 2460
[04/Aug/2026 11:25:26] "GET /static/pwa/icon-32.png HTTP/1.1" 200 2003
[04/Aug/2026 11:25:26] "GET /manifest.webmanifest HTTP/1.1" 200 1804
Not Found: /mukmap-v1.0.2
[04/Aug/2026 11:25:26] "GET /mukmap-v1.0.2 HTTP/1.1" 404 16457
[04/Aug/2026 11:25:26] "GET / HTTP/1.1" 200 246785
[04/Aug/2026 11:25:27] "GET /geometrie/donnees/ HTTP/1.1" 200 1455
[04/Aug/2026 11:25:48,519] - Broken pipe from ('127.0.0.1', 51832)
[04/Aug/2026 11:25:48,521] - Broken pipe from ('127.0.0.1', 51859)
[04/Aug/2026 11:26:20] "GET / HTTP/1.1" 200 261282
[04/Aug/2026 11:26:21] "GET /manifest.webmanifest HTTP/1.1" 200 1804
[04/Aug/2026 11:26:23] "GET /geometrie/donnees/ HTTP/1.1" 200 2
[04/Aug/2026 11:26:27] "GET /sw.js HTTP/1.1" 200 2460
[04/Aug/2026 11:26:27] "GET /manifest.webmanifest HTTP/1.1" 200 1804
Not Found: /mukmap-v1.0.3
[04/Aug/2026 11:26:27] "GET /mukmap-v1.0.3 HTTP/1.1" 404 16457
[04/Aug/2026 11:26:27] "GET / HTTP/1.1" 200 261282
[04/Aug/2026 11:26:31] "GET / HTTP/1.1" 200 261282
[04/Aug/2026 11:26:33] "GET /manifest.webmanifest HTTP/1.1" 200 1804
[04/Aug/2026 11:26:36] "GET /geometrie/donnees/ HTTP/1.1" 200 2
[04/Aug/2026 11:26:43] "GET /deconnexion/ HTTP/1.1" 302 0
[04/Aug/2026 11:26:43] "GET /connexion/ HTTP/1.1" 200 79674
[04/Aug/2026 11:26:44] "GET /manifest.webmanifest HTTP/1.1" 200 1804
[04/Aug/2026 11:26:47] "GET /sw.js HTTP/1.1" 200 2460
[04/Aug/2026 11:26:49] "GET /sw.js HTTP/1.1" 200 2460
